// Jest Snapshot v1, https://goo.gl/fbAQLP

exports[`Search bar component should match snapshot 1`] = `<div class="search__bar"><input type="text" class="search__bar__input" placeholder="Buscar la Ficha técnica por código del producto"><button class="search__bar__button" style="background: rgb(33, 141, 155);"><i class="bi bi-search icon"></i></button></div>`;
